<html>
<body>
<pre>
<h1>µVision Build Log</h1>
<h2>Tool Versions:</h2>
IDE-Version: µVision V5.31.0.0
Copyright (C) 2020 ARM Ltd and ARM Germany GmbH. All rights reserved.
License Information: abc User, home, LIC=ZB4EI-TT34T-Y8QFK-ZCPV5-9KMD4-K5BSG
 
Tool Versions:
Toolchain:       MDK-ARM Plus  Version: 5.31.0.0
Toolchain Path:  F:\CAI_DAT\Keil_5\ARM\ARMCC\Bin
C Compiler:      Armcc.exe V5.06 update 6 (build 750)
Assembler:       Armasm.exe V5.06 update 6 (build 750)
Linker/Locator:  ArmLink.exe V5.06 update 6 (build 750)
Library Manager: ArmAr.exe V5.06 update 6 (build 750)
Hex Converter:   FromElf.exe V5.06 update 6 (build 750)
CPU DLL:         SARMCM3.DLL V5.31.0.0
Dialog DLL:      DCM.DLL V1.17.3.0
Target DLL:      STLink\ST-LINKIII-KEIL_SWO.dll V3.0.7.0
Dialog DLL:      TCM.DLL V1.46.0.0
 
<h2>Project:</h2>
D:\HOC_TAP\LapTrinhNhung\Nhung_Nang_Cao\Bai_Tap\BaiTap_0\ThucHanh_STM32F4\MDK-ARM\ThucHanh_STM32F4.uvprojx
Project File Date:  10/28/2021

<h2>Output:</h2>
*** Using Compiler 'V5.06 update 6 (build 750)', folder: 'F:\CAI_DAT\Keil_5\ARM\ARMCC\Bin'
Build target 'ThucHanh_STM32F4'
compiling main.c...
linking...
Program Size: Code=2824 RO-data=452 RW-data=16 ZI-data=1024  
FromELF: creating hex file...
"ThucHanh_STM32F4\ThucHanh_STM32F4.axf" - 0 Error(s), 0 Warning(s).

<h2>Software Packages used:</h2>

Package Vendor: ARM
                http://www.keil.com/pack/ARM.CMSIS.5.7.0.pack
                ARM.CMSIS.5.7.0
                CMSIS (Cortex Microcontroller Software Interface Standard)
   * Component: CORE Version: 5.4.0

<h2>Collection of Component include folders:</h2>
  .\RTE\_ThucHanh_STM32F4
  F:\CAI_DAT\Keil_5\Packs\ARM\CMSIS\5.7.0\CMSIS\Core\Include
  F:\CAI_DAT\Keil_5\Packs\ARM\CMSIS\5.7.0\Device\ARM\ARMCM3\Include

<h2>Collection of Component Files used:</h2>

   * Component: ARM::CMSIS:CORE:5.4.0
Build Time Elapsed:  00:00:02
</pre>
</body>
</html>
