<html>
<body>
<pre>
<h1>µVision Build Log</h1>
<h2>Tool Versions:</h2>
IDE-Version: µVision V5.31.0.0
Copyright (C) 2020 ARM Ltd and ARM Germany GmbH. All rights reserved.
License Information: abc User, home, LIC=ZB4EI-TT34T-Y8QFK-ZCPV5-9KMD4-K5BSG
 
Tool Versions:
Toolchain:       MDK-ARM Plus  Version: 5.31.0.0
Toolchain Path:  F:\CAI_DAT\Keil_5\ARM\ARMCC\Bin
C Compiler:      Armcc.exe V5.06 update 6 (build 750)
Assembler:       Armasm.exe V5.06 update 6 (build 750)
Linker/Locator:  ArmLink.exe V5.06 update 6 (build 750)
Library Manager: ArmAr.exe V5.06 update 6 (build 750)
Hex Converter:   FromElf.exe V5.06 update 6 (build 750)
CPU DLL:         SARMCM3.DLL V5.31.0.0
Dialog DLL:      DCM.DLL V1.17.3.0
Target DLL:      STLink\ST-LINKIII-KEIL_SWO.dll V3.0.7.0
Dialog DLL:      TCM.DLL V1.46.0.0
 
<h2>Project:</h2>
D:\HOC_TAP\LapTrinhNhung\Nhung_Nang_Cao\Bai_Tap\Ngat_HieuUngLed\Ngat_HieuungLedTraitim\MDK-ARM\Ngat_HieuungLedTraitim.uvprojx
Project File Date:  11/03/2021

<h2>Output:</h2>
*** Using Compiler 'V5.06 update 6 (build 750)', folder: 'F:\CAI_DAT\Keil_5\ARM\ARMCC\Bin'
Build target 'Ngat_HieuungLedTraitim'
compiling main.c...
../Core/Src/main.c(5): warning:  #1295-D: Deprecated declaration sanglanluot - give arg types
  void sanglanluot();
../Core/Src/main.c(6): warning:  #1295-D: Deprecated declaration tat - give arg types
  void tat();
../Core/Src/main.c(7): warning:  #1295-D: Deprecated declaration sangcachnhau - give arg types
  void sangcachnhau();
../Core/Src/main.c(8): warning:  #1295-D: Deprecated declaration sangdoixung - give arg types
  void sangdoixung();
../Core/Src/main.c: 4 warnings, 0 errors
linking...
Program Size: Code=3528 RO-data=452 RW-data=16 ZI-data=1024  
FromELF: creating hex file...
"Ngat_HieuungLedTraitim\Ngat_HieuungLedTraitim.axf" - 0 Error(s), 4 Warning(s).

<h2>Software Packages used:</h2>

Package Vendor: ARM
                http://www.keil.com/pack/ARM.CMSIS.5.7.0.pack
                ARM.CMSIS.5.7.0
                CMSIS (Cortex Microcontroller Software Interface Standard)
   * Component: CORE Version: 5.4.0

Package Vendor: Keil
                http://www.keil.com/pack/Keil.STM32F4xx_DFP.2.14.0.pack
                Keil.STM32F4xx_DFP.2.14.0
                STMicroelectronics STM32F4 Series Device Support, Drivers and Examples

<h2>Collection of Component include folders:</h2>
  .\RTE\_Ngat_HieuungLedTraitim
  F:\CAI_DAT\Keil_5\Packs\ARM\CMSIS\5.7.0\CMSIS\Core\Include
  F:\CAI_DAT\Keil_5\Packs\Keil\STM32F4xx_DFP\2.14.0\Drivers\CMSIS\Device\ST\STM32F4xx\Include

<h2>Collection of Component Files used:</h2>

   * Component: ARM::CMSIS:CORE:5.4.0
      Include file:  CMSIS\Core\Include\tz_context.h
Build Time Elapsed:  00:00:02
</pre>
</body>
</html>
